Graph is:
2 1 
0 3 
0 3 4 5 6 
1 2 5 
2 5 6 
2 3 4 6 
2 4 5 
