Graph is:
2 1 
0 3 
0 3 4 5 6 
1 2 5 
2 5 6 
2 3 4 6 
2 4 5 
Running the Dijkstra's algorithm on 0
Distances:
0 3 5 7 11 8 9 
Parents:
0 0 0 2 6 2 5 
