Graph is:
1 2 
0 2 3 4 
0 1 4 
1 4 5 
1 2 3 5 
3 4 
Running the Dijkstra's algorithm on 3
Distances:
7 5 6 0 4 2 
Parents:
1 4 1 3 5 3 
Path from 3 to 0 is:
3 5 4 1 0 
Calculating length of the shortest path from 3 to 0
3 5 4 1 0 
The length is 7
