Graph is:
2 1 
0 3 
0 3 4 5 6 
1 2 5 
2 5 6 
2 3 4 6 
2 4 5 
Running the Kruskal's algorithm.
MST is:
1 2 
0 
3 5 0 
2 
6 
6 2 
5 4 
Weight of MST is: 16
Distances:
0 1 0 1 0 0 2 
Parents:
1 6 6 6 6 6 6 
