Graph is:
1 2 
0 2 3 4 
0 1 4 
1 4 5 
1 2 3 5 
3 4 
Running the Kruskal's algorithm.
MST is:
1 
2 4 0 
1 
5 
1 5 
3 4 
Weight of MST is: 8
Distances:
0 0 1 0 0 2 
Parents:
2 2 5 5 2 5 
