Running the Kruskal's algorithm.
MST is:
3 2 
2 
1 0 
4 0 
6 5 9 8 10 3 
4 
4 7 
6 
4 
4 
4 12 
13 
13 10 
14 11 12 
13 15 
16 18 14 
15 17 
16 
19 15 20 
18 
22 18 
22 
21 20 
Weight of MST is: 907
Distances:
0 0 2 0 0 0 1 0 0 0 0 0 0 0 1 0 1 0 0 3 0 0 1 
Parents:
6 2 19 2 6 6 2 6 6 6 2 19 19 19 19 19 19 19 19 19 22 22 19 
